// Jest Snapshot v1, https://goo.gl/fbAQLP

exports[`Channels matches snapshot 1`] = `
<div>
  <div>
    <nav
      className="navbar navbar-expand-sm navbar-dark bg-dark"
    >
      <a
        className="nav-bar-appName text-danger navbar-brand"
        href="/"
      >
        RSVP+
      </a>
      <button
        aria-controls="responsive-navbar-nav"
        aria-label="Toggle navigation"
        className="navbar-toggler collapsed"
        onClick={[Function]}
        type="button"
      >
        <span
          className="navbar-toggler-icon"
        />
      </button>
      <div
        aria-expanded={null}
        className="navbar-collapse collapse"
        id="responsive-navbar-nav"
      >
        <div
          className="mr-auto navbar-nav"
          onKeyDown={[Function]}
        >
          <a
            className="nav-bar-text px-3 nav-link"
            data-rb-event-key="/"
            href="/"
            onClick={[Function]}
            onKeyDown={[Function]}
          >
            Home
          </a>
          <a
            className="nav-bar-text px-3 nav-link"
            data-rb-event-key="/channels"
            href="/channels"
            onClick={[Function]}
            onKeyDown={[Function]}
          >
            Channels
          </a>
          <a
            className="nav-bar-text px-3 nav-link"
            data-rb-event-key="/calendar"
            href="/calendar"
            onClick={[Function]}
            onKeyDown={[Function]}
          >
            Calendar
          </a>
          <a
            className="nav-bar-text px-3 nav-link"
            data-rb-event-key="/faq"
            href="/faq"
            onClick={[Function]}
            onKeyDown={[Function]}
          >
            FAQ
          </a>
          <a
            className="nav-bar-text px-3 nav-link"
            data-rb-event-key="/contact-us"
            href="/contact-us"
            onClick={[Function]}
            onKeyDown={[Function]}
          >
            Contact Us
          </a>
        </div>
        <div
          className="navbar-nav"
          onKeyDown={[Function]}
        >
          <span
            className="nav-bar-name navbar-text"
          >
            Signed in as: 
            Bob
            <img
              className="photo ml-2 rounded-circle"
              src="thttp://email.com/image"
            />
          </span>
        </div>
      </div>
      <button
        className="ml-3 btn btn-outline-primary"
        data-testid="button"
        disabled={false}
        onClick={[Function]}
        type="button"
      >
        Log Out
      </button>
    </nav>
    <div>
      
    </div>
  </div>
  <div
    className="p-3 mb-2 bg-dark text-white"
    style={
      Object {
        "minHeight": "100vh",
      }
    }
  >
    <h2
      className="page-header text-center mb-4"
    >
      CHANNELS
    </h2>
    <div
      className="container-fluid"
    >
      <div
        className="d-flex align-items-center justify-content-center mb-4 row"
      >
        
        
        <div>
          <div
            className="d-flex align-items-center justify-content-center col"
          >
            <input
              className="mr-3 form-control"
              placeholder="Channel ID"
              required={true}
              style={
                Object {
                  "height": 30,
                  "width": 200,
                }
              }
              type="channelID"
            />
            <button
              className="d-flex align-items-center justify-content-center btn btn-danger"
              disabled={false}
              onClick={[Function]}
              style={
                Object {
                  "height": 30,
                  "width": 60,
                }
              }
              type="button"
            >
              Join
            </button>
          </div>
        </div>
      </div>
      <div
        className="d-flex align-items-center justify-content-center mb-4 row"
      >
        <button
          className="d-flex align-items-center justify-content-center fetch-events-button mr-4 mb-2"
          onClick={[Function]}
          style={
            Object {
              "height": 30,
              "width": 250,
            }
          }
        >
          CREATE A CHANNEL
        </button>
        <button
          className="d-flex align-items-center justify-content-center fetch-events-button mr-4 mb-2"
          onClick={[Function]}
          style={
            Object {
              "height": 30,
              "width": 250,
            }
          }
        >
          DELETE A CHANNEL
        </button>
        <button
          className="d-flex align-items-center justify-content-center fetch-events-button mr-4 mb-2"
          onClick={[Function]}
          style={
            Object {
              "height": 30,
              "width": 250,
            }
          }
        >
          MODIFY INVITES
        </button>
      </div>
      <div
        className="row"
      />
    </div>
  </div>
  
  
  
</div>
`;

exports[`InviteList matches snapshot 1`] = `
<div>
  <input
    className="form-control"
    max="9"
    maxLength="1"
    min="1"
    name="quantity"
    onChange={[Function]}
    placeholder="Input a number from 1 to 9"
    required={true}
    type="tel"
  />
  <div />
</div>
`;

exports[`Popup matches snapshot 1`] = `""`;
